[cutecats.net/index.html]
[backblue.gif]
[fade.gif]
[index.html]
[cutecats.net/site-shared/mainstyle.css]
[cutecats.net/site-shared/favicon.png]
[cutecats.net/site-shared/2025/drag-gravity.js]
[cutecats.net/site-shared/2025/cat-astrophe.js]
[cutecats.net/2025/proj/index.html]
[cutecats.net/2025/games/index.html]
[cutecats.net/2025/index/img/Under_construction_graphic.gif]
[cutecats.net/2025/index/img/car-milk-gif.gif]
[cutecats.net/2025/index/img/dancing_cat_gif.gif]
[cutecats.net/2025/index/img/please_do_not_the_cat.jpg]
[cutecats.net/2025/tools/index.html]
[cutecats.net/2025/index/img/cat_floating_in_water.gif]
[cutecats.net/about.html]
[cutecats.net/privacy-policy.html]
[cutecats.net/index.html]
[cutecats.net/site-shared/mainstyle.css]
[cutecats.net/2025/proj/index.html]
[cutecats.net/terms-of-service.html]
[cutecats.net/2025/games/index.html]
[cutecats.net/2025/games/ball-platformer/index.html]
[cutecats.net/2025/tools/index.html]
[cutecats.net/about.html]
[cutecats.net/privacy-policy.html]
[cutecats.net/terms-of-service.html]
[cutecats.net/2025/tools/ascii-table/index.html]
[cutecats.net/2025/games/ball-platformer/planck.min.js]
[cutecats.net/2025/games/ball-platformer/levels.js]
[cutecats.net/2025/games/ball-platformer/util.js]
[cutecats.net/2025/games/ball-platformer/world.js]
[cutecats.net/2025/games/ball-platformer/game.js]
[cutecats.net/2025/games/ball-platformer/main.js]
[cutecats.net/2025/games/ball-platformer/index.html]
[cutecats.net/2025/tools/ascii-table/index.html]
